// Jest Snapshot v1, https://goo.gl/fbAQLP

exports[`Index page should match snapshot 1`] = `<Home />`;
