// Jest Snapshot v1, https://goo.gl/fbAQLP

exports[`Next page should match snapshot 1`] = `<Next />`;
