// Jest Snapshot v1, https://goo.gl/fbAQLP

exports[`Home should match snapshot  1`] = `
<div>
  <h1>
    Welcome to the NextJs boilerplate!
  </h1>
  <div>
    <Link
      href="/next"
    >
      <a>
        Click here to go to the next page
      </a>
    </Link>
  </div>
</div>
`;
