// Jest Snapshot v1, https://goo.gl/fbAQLP

exports[`Next should match snapshot  1`] = `
<div>
  <h1>
    Welcome to the next page!
  </h1>
  <div>
    <Link
      href="/"
    >
      <a>
        Click here to go to the previous page
      </a>
    </Link>
  </div>
</div>
`;
