// Jest Snapshot v1, https://goo.gl/fbAQLP

exports[`400 page should match snapshot 1`] = `
<Fragment>
  <HeadTags
    description="error 400"
    title="Error 400"
  />
  <ErrorPage
    startAgainLink=""
    statusCode={400}
  />
</Fragment>
`;
