// Jest Snapshot v1, https://goo.gl/fbAQLP

exports[`403 page should match snapshot 1`] = `
<Fragment>
  <HeadTags
    description="error 403"
    title="Error 403"
  />
  <ErrorPage
    statusCode={403}
  />
</Fragment>
`;
